// Jest Snapshot v1, https://goo.gl/fbAQLP

exports[`SessionList component SessionList renders correctly 1`] = `
<div
  className="sessionList"
>
  <h2>
    Your Sessions
  </h2>
  <label
    htmlFor="filterSessions"
  >
    Filter By: 
  </label>
  <select
    onChange={[Function]}
  >
    <option
      value="Date"
    >
      Most Recent
    </option>
    <option
      value="Live"
    >
      Live
    </option>
    <option
      value="Online"
    >
      Online
    </option>
    <option
      value="Stake"
    >
      Stake
    </option>
    <option
      value="Time played"
    >
      Time played
    </option>
  </select>
  <ul
    className="sessionList-list"
  />
</div>
`;
