// Jest Snapshot v1, https://goo.gl/fbAQLP

exports[`Login component Login renders correctly 1`] = `
<form
  id="login-form"
  onSubmit={[Function]}
>
  <h3
    id="login-header"
  >
    Login
  </h3>
  <label
    className="login-details"
    htmlFor="username"
  >
    Username
  </label>
  <input
    className="login-details"
    name="username"
    onChange={[Function]}
    type="text"
  />
  <label
    className="login-details"
    htmlFor="password"
  >
    Password
  </label>
  <input
    className="login-details"
    name="password"
    onChange={[Function]}
    type="password"
  />
  <button
    id="login-button"
    type="submit"
  >
    Login
  </button>
  <a
    href="/register"
    onClick={[Function]}
  >
    Don't have an account?
  </a>
</form>
`;
